[debug] [2026-10-05T12:33:06.689Z] [Firebase Plugin] Activating Firebase extension.
[debug] [2026-10-05T12:33:08.813Z] [Firebase Plugin] requireAuthWrapper
[debug] [2026-10-05T12:33:08.872Z] > command requires scopes: ["email","openid","https://www.googleapis.com/auth/cloudplatformprojects.readonly","https://www.googleapis.com/auth/firebase","https://www.googleapis.com/auth/cloud-platform"]
[debug] [2026-10-05T12:33:08.873Z] > authorizing via signed-in user (1969ildeia@gmail.com)
[debug] [2026-10-05T12:33:08.884Z] Checked if tokens are valid: false, expires at: 1791204300714
[debug] [2026-10-05T12:33:08.887Z] Checked if tokens are valid: false, expires at: 1791204300714
[debug] [2026-10-05T12:33:08.888Z] > refreshing access token with scopes: []
[debug] [2026-10-05T12:33:08.895Z] >>> [apiv2][query] POST https://www.googleapis.com/oauth2/v3/token [none]
[debug] [2026-10-05T12:33:08.957Z] >>> [apiv2][body] POST https://www.googleapis.com/oauth2/v3/token [omitted]
[debug] [2026-10-05T12:33:09.290Z] [Firebase Plugin] VSCode notification server listening on port 40001
[debug] [2026-10-05T12:33:09.648Z] <<< [apiv2][status] POST https://www.googleapis.com/oauth2/v3/token 200
[debug] [2026-10-05T12:33:09.649Z] <<< [apiv2][body] POST https://www.googleapis.com/oauth2/v3/token [omitted]
[debug] [2026-10-05T12:33:09.702Z] [Firebase Plugin] User found:  1969ildeia@gmail.com
[info] [Firebase Plugin] (Core:Project) New user detected, fetching projects
[debug] [2026-10-05T12:33:09.705Z] Checked if tokens are valid: true, expires at: 1791207188649
[debug] [2026-10-05T12:33:09.707Z] >>> [apiv2][query] GET https://firebase.googleapis.com/v1beta1/projects pageSize=1000
[debug] [2026-10-05T12:33:11.534Z] Object "/auth" in "firebase.json" has unknown property: {"additionalProperty":"rules"}
[info] [Firebase Plugin] Starting SQL Connect toolkit (version 3.4.16) on port 50001
[info] i  dataconnect: downloading dataconnect-emulator-3.4.16.exe... {"metadata":{"emulator":{"name":"dataconnect"},"message":"downloading dataconnect-emulator-3.4.16.exe..."}}
[debug] [2026-10-05T12:33:11.631Z] >>> [apiv2][query] GET https://storage.googleapis.com/firemat-preview-drop/emulator/dataconnect-emulator-windows-amd64-v3.4.16 
[debug] [2026-10-05T12:33:12.122Z] <<< [apiv2][status] GET https://firebase.googleapis.com/v1beta1/projects 200
[debug] [2026-10-05T12:33:12.123Z] <<< [apiv2][body] GET https://firebase.googleapis.com/v1beta1/projects [omitted]
[debug] [2026-10-05T12:33:12.474Z] <<< [apiv2][status] GET https://storage.googleapis.com/firemat-preview-drop/emulator/dataconnect-emulator-windows-amd64-v3.4.16 200
[debug] [2026-10-05T12:33:12.475Z] <<< [apiv2][body] GET https://storage.googleapis.com/firemat-preview-drop/emulator/dataconnect-emulator-windows-amd64-v3.4.16 [stream]
[debug] [2026-10-05T12:33:16.926Z] 'fdc build' failed with error: Unable to build your SQL Connect schema and connectors (exit code 1): E1005 14:33:16.797996   20704 cmd.go:43] Error loading data connect config: could not find dataconnect.yaml in `c:\imf\eniquecer blog\ecomshop-content\dataconnect`
 {"metadata":{"emulator":{"name":"dataconnect"},"message":"'fdc build' failed with error: Unable to build your SQL Connect schema and connectors (exit code 1): E1005 14:33:16.797996   20704 cmd.go:43] Error loading data connect config: could not find dataconnect.yaml in `c:\\imf\\eniquecer blog\\ecomshop-content\\dataconnect`\n"}}
[debug] [2026-10-05T12:33:16.928Z] Ignoring unsupported arg: auto_download {"metadata":{"emulator":{"name":"dataconnect"},"message":"Ignoring unsupported arg: auto_download"}}
[debug] [2026-10-05T12:33:16.929Z] Ignoring unsupported arg: port {"metadata":{"emulator":{"name":"dataconnect"},"message":"Ignoring unsupported arg: port"}}
[debug] [2026-10-05T12:33:16.929Z] Starting SQL Connect Emulator with command {"binary":"C:\\Users\\emili\\.cache\\firebase\\emulators\\dataconnect-emulator-3.4.16.exe","args":["--logtostderr","-v=2","dev","--listen=localhost:50001","--config_dir=c:\\imf\\eniquecer blog\\ecomshop-content\\dataconnect","--enable_output_schema_extensions=true","--enable_output_generated_sdk=true"],"optionalArgs":["listen","config_dir","enable_output_schema_extensions","enable_output_generated_sdk"],"joinArgs":true,"shell":false,"port":9399} {"metadata":{"emulator":{"name":"dataconnect"},"message":"Starting SQL Connect Emulator with command {\"binary\":\"C:\\\\Users\\\\emili\\\\.cache\\\\firebase\\\\emulators\\\\dataconnect-emulator-3.4.16.exe\",\"args\":[\"--logtostderr\",\"-v=2\",\"dev\",\"--listen=localhost:50001\",\"--config_dir=c:\\\\imf\\\\eniquecer blog\\\\ecomshop-content\\\\dataconnect\",\"--enable_output_schema_extensions=true\",\"--enable_output_generated_sdk=true\"],\"optionalArgs\":[\"listen\",\"config_dir\",\"enable_output_schema_extensions\",\"enable_output_generated_sdk\"],\"joinArgs\":true,\"shell\":false,\"port\":9399}"}}
[info] i  dataconnect: SQL Connect Emulator logging to dataconnect-debug.log {"metadata":{"emulator":{"name":"dataconnect"},"message":"SQL Connect Emulator logging to \u001b[1mdataconnect-debug.log\u001b[22m"}}
[debug] [2026-10-05T12:33:17.531Z] E1005 14:33:17.198401   28824 dev.go:80] Failed to load initial config from "c:\\imf\\eniquecer blog\\ecomshop-content\\dataconnect": could not find dataconnect.yaml in `c:\imf\eniquecer blog\ecomshop-content\dataconnect`
E1005 14:33:17.299882   28824 watch.go:116] watchAllDir unable to walk dir `c:\imf\eniquecer blog\ecomshop-content\dataconnect`: GetFileAttributesEx c:\imf\eniquecer blog\ecomshop-content\dataconnect: The system cannot find the file specified.
I1005 14:33:17.481031   28824 dev.go:101] Listening on address (HTTP + gRPC): 127.0.0.1:50001
 {"metadata":{"emulator":{"name":"dataconnect"},"message":"E1005 14:33:17.198401   28824 dev.go:80] Failed to load initial config from \"c:\\\\imf\\\\eniquecer blog\\\\ecomshop-content\\\\dataconnect\": could not find dataconnect.yaml in `c:\\imf\\eniquecer blog\\ecomshop-content\\dataconnect`\nE1005 14:33:17.299882   28824 watch.go:116] watchAllDir unable to walk dir `c:\\imf\\eniquecer blog\\ecomshop-content\\dataconnect`: GetFileAttributesEx c:\\imf\\eniquecer blog\\ecomshop-content\\dataconnect: The system cannot find the file specified.\nI1005 14:33:17.481031   28824 dev.go:101] Listening on address (HTTP + gRPC): 127.0.0.1:50001\n"}}
[error] [Firebase Plugin] error:  {}
[debug] [2026-10-05T12:33:27.313Z] E1005 14:33:27.310522   28824 watch.go:40] Failed to load config from "c:\\imf\\eniquecer blog\\ecomshop-content\\dataconnect": could not find dataconnect.yaml in `c:\imf\eniquecer blog\ecomshop-content\dataconnect`
 {"metadata":{"emulator":{"name":"dataconnect"},"message":"E1005 14:33:27.310522   28824 watch.go:40] Failed to load config from \"c:\\\\imf\\\\eniquecer blog\\\\ecomshop-content\\\\dataconnect\": could not find dataconnect.yaml in `c:\\imf\\eniquecer blog\\ecomshop-content\\dataconnect`\n"}}
[debug] [2026-10-05T12:33:37.658Z] E1005 14:33:37.327192   28824 watch.go:40] Failed to load config from "c:\\imf\\eniquecer blog\\ecomshop-content\\dataconnect": could not find dataconnect.yaml in `c:\imf\eniquecer blog\ecomshop-content\dataconnect`
 {"metadata":{"emulator":{"name":"dataconnect"},"message":"E1005 14:33:37.327192   28824 watch.go:40] Failed to load config from \"c:\\\\imf\\\\eniquecer blog\\\\ecomshop-content\\\\dataconnect\": could not find dataconnect.yaml in `c:\\imf\\eniquecer blog\\ecomshop-content\\dataconnect`\n"}}
[debug] [2026-10-05T12:33:47.302Z] E1005 14:33:47.301383   28824 watch.go:40] Failed to load config from "c:\\imf\\eniquecer blog\\ecomshop-content\\dataconnect": could not find dataconnect.yaml in `c:\imf\eniquecer blog\ecomshop-content\dataconnect`
 {"metadata":{"emulator":{"name":"dataconnect"},"message":"E1005 14:33:47.301383   28824 watch.go:40] Failed to load config from \"c:\\\\imf\\\\eniquecer blog\\\\ecomshop-content\\\\dataconnect\": could not find dataconnect.yaml in `c:\\imf\\eniquecer blog\\ecomshop-content\\dataconnect`\n"}}
[debug] [2026-10-05T12:33:57.313Z] E1005 14:33:57.312826   28824 watch.go:40] Failed to load config from "c:\\imf\\eniquecer blog\\ecomshop-content\\dataconnect": could not find dataconnect.yaml in `c:\imf\eniquecer blog\ecomshop-content\dataconnect`
 {"metadata":{"emulator":{"name":"dataconnect"},"message":"E1005 14:33:57.312826   28824 watch.go:40] Failed to load config from \"c:\\\\imf\\\\eniquecer blog\\\\ecomshop-content\\\\dataconnect\": could not find dataconnect.yaml in `c:\\imf\\eniquecer blog\\ecomshop-content\\dataconnect`\n"}}
[debug] [2026-10-05T12:34:12.885Z] E1005 14:34:07.301819   28824 watch.go:40] Failed to load config from "c:\\imf\\eniquecer blog\\ecomshop-content\\dataconnect": could not find dataconnect.yaml in `c:\imf\eniquecer blog\ecomshop-content\dataconnect`
 {"metadata":{"emulator":{"name":"dataconnect"},"message":"E1005 14:34:07.301819   28824 watch.go:40] Failed to load config from \"c:\\\\imf\\\\eniquecer blog\\\\ecomshop-content\\\\dataconnect\": could not find dataconnect.yaml in `c:\\imf\\eniquecer blog\\ecomshop-content\\dataconnect`\n"}}
[debug] [2026-10-05T12:34:17.302Z] E1005 14:34:17.301471   28824 watch.go:116] watchAllDir unable to walk dir `c:\imf\eniquecer blog\ecomshop-content\dataconnect`: GetFileAttributesEx c:\imf\eniquecer blog\ecomshop-content\dataconnect: The system cannot find the file specified.
 {"metadata":{"emulator":{"name":"dataconnect"},"message":"E1005 14:34:17.301471   28824 watch.go:116] watchAllDir unable to walk dir `c:\\imf\\eniquecer blog\\ecomshop-content\\dataconnect`: GetFileAttributesEx c:\\imf\\eniquecer blog\\ecomshop-content\\dataconnect: The system cannot find the file specified.\n"}}
[debug] [2026-10-05T12:34:17.304Z] E1005 14:34:17.304449   28824 watch.go:40] Failed to load config from "c:\\imf\\eniquecer blog\\ecomshop-content\\dataconnect": could not find dataconnect.yaml in `c:\imf\eniquecer blog\ecomshop-content\dataconnect`
 {"metadata":{"emulator":{"name":"dataconnect"},"message":"E1005 14:34:17.304449   28824 watch.go:40] Failed to load config from \"c:\\\\imf\\\\eniquecer blog\\\\ecomshop-content\\\\dataconnect\": could not find dataconnect.yaml in `c:\\imf\\eniquecer blog\\ecomshop-content\\dataconnect`\n"}}
[debug] [2026-10-05T12:34:27.301Z] E1005 14:34:27.301435   28824 watch.go:40] Failed to load config from "c:\\imf\\eniquecer blog\\ecomshop-content\\dataconnect": could not find dataconnect.yaml in `c:\imf\eniquecer blog\ecomshop-content\dataconnect`
 {"metadata":{"emulator":{"name":"dataconnect"},"message":"E1005 14:34:27.301435   28824 watch.go:40] Failed to load config from \"c:\\\\imf\\\\eniquecer blog\\\\ecomshop-content\\\\dataconnect\": could not find dataconnect.yaml in `c:\\imf\\eniquecer blog\\ecomshop-content\\dataconnect`\n"}}
[debug] [2026-10-05T12:34:37.302Z] E1005 14:34:37.301532   28824 watch.go:40] Failed to load config from "c:\\imf\\eniquecer blog\\ecomshop-content\\dataconnect": could not find dataconnect.yaml in `c:\imf\eniquecer blog\ecomshop-content\dataconnect`
 {"metadata":{"emulator":{"name":"dataconnect"},"message":"E1005 14:34:37.301532   28824 watch.go:40] Failed to load config from \"c:\\\\imf\\\\eniquecer blog\\\\ecomshop-content\\\\dataconnect\": could not find dataconnect.yaml in `c:\\imf\\eniquecer blog\\ecomshop-content\\dataconnect`\n"}}
[debug] [2026-10-05T12:34:52.845Z] E1005 14:34:47.301261   28824 watch.go:40] Failed to load config from "c:\\imf\\eniquecer blog\\ecomshop-content\\dataconnect": could not find dataconnect.yaml in `c:\imf\eniquecer blog\ecomshop-content\dataconnect`
 {"metadata":{"emulator":{"name":"dataconnect"},"message":"E1005 14:34:47.301261   28824 watch.go:40] Failed to load config from \"c:\\\\imf\\\\eniquecer blog\\\\ecomshop-content\\\\dataconnect\": could not find dataconnect.yaml in `c:\\imf\\eniquecer blog\\ecomshop-content\\dataconnect`\n"}}
[debug] [2026-10-05T12:34:58.984Z] E1005 14:34:57.302225   28824 watch.go:40] Failed to load config from "c:\\imf\\eniquecer blog\\ecomshop-content\\dataconnect": could not find dataconnect.yaml in `c:\imf\eniquecer blog\ecomshop-content\dataconnect`
 {"metadata":{"emulator":{"name":"dataconnect"},"message":"E1005 14:34:57.302225   28824 watch.go:40] Failed to load config from \"c:\\\\imf\\\\eniquecer blog\\\\ecomshop-content\\\\dataconnect\": could not find dataconnect.yaml in `c:\\imf\\eniquecer blog\\ecomshop-content\\dataconnect`\n"}}
[debug] [2026-10-05T12:35:07.302Z] E1005 14:35:07.302074   28824 watch.go:40] Failed to load config from "c:\\imf\\eniquecer blog\\ecomshop-content\\dataconnect": could not find dataconnect.yaml in `c:\imf\eniquecer blog\ecomshop-content\dataconnect`
 {"metadata":{"emulator":{"name":"dataconnect"},"message":"E1005 14:35:07.302074   28824 watch.go:40] Failed to load config from \"c:\\\\imf\\\\eniquecer blog\\\\ecomshop-content\\\\dataconnect\": could not find dataconnect.yaml in `c:\\imf\\eniquecer blog\\ecomshop-content\\dataconnect`\n"}}
[debug] [2026-10-05T12:35:18.399Z] E1005 14:35:17.301061   28824 watch.go:116] watchAllDir unable to walk dir `c:\imf\eniquecer blog\ecomshop-content\dataconnect`: GetFileAttributesEx c:\imf\eniquecer blog\ecomshop-content\dataconnect: The system cannot find the file specified.
E1005 14:35:17.301061   28824 watch.go:40] Failed to load config from "c:\\imf\\eniquecer blog\\ecomshop-content\\dataconnect": could not find dataconnect.yaml in `c:\imf\eniquecer blog\ecomshop-content\dataconnect`
 {"metadata":{"emulator":{"name":"dataconnect"},"message":"E1005 14:35:17.301061   28824 watch.go:116] watchAllDir unable to walk dir `c:\\imf\\eniquecer blog\\ecomshop-content\\dataconnect`: GetFileAttributesEx c:\\imf\\eniquecer blog\\ecomshop-content\\dataconnect: The system cannot find the file specified.\nE1005 14:35:17.301061   28824 watch.go:40] Failed to load config from \"c:\\\\imf\\\\eniquecer blog\\\\ecomshop-content\\\\dataconnect\": could not find dataconnect.yaml in `c:\\imf\\eniquecer blog\\ecomshop-content\\dataconnect`\n"}}
[debug] [2026-10-05T12:35:27.317Z] E1005 14:35:27.316643   28824 watch.go:40] Failed to load config from "c:\\imf\\eniquecer blog\\ecomshop-content\\dataconnect": could not find dataconnect.yaml in `c:\imf\eniquecer blog\ecomshop-content\dataconnect`
 {"metadata":{"emulator":{"name":"dataconnect"},"message":"E1005 14:35:27.316643   28824 watch.go:40] Failed to load config from \"c:\\\\imf\\\\eniquecer blog\\\\ecomshop-content\\\\dataconnect\": could not find dataconnect.yaml in `c:\\imf\\eniquecer blog\\ecomshop-content\\dataconnect`\n"}}
[debug] [2026-10-05T12:35:37.302Z] E1005 14:35:37.301969   28824 watch.go:40] Failed to load config from "c:\\imf\\eniquecer blog\\ecomshop-content\\dataconnect": could not find dataconnect.yaml in `c:\imf\eniquecer blog\ecomshop-content\dataconnect`
 {"metadata":{"emulator":{"name":"dataconnect"},"message":"E1005 14:35:37.301969   28824 watch.go:40] Failed to load config from \"c:\\\\imf\\\\eniquecer blog\\\\ecomshop-content\\\\dataconnect\": could not find dataconnect.yaml in `c:\\imf\\eniquecer blog\\ecomshop-content\\dataconnect`\n"}}
[debug] [2026-10-05T12:35:47.301Z] E1005 14:35:47.301120   28824 watch.go:40] Failed to load config from "c:\\imf\\eniquecer blog\\ecomshop-content\\dataconnect": could not find dataconnect.yaml in `c:\imf\eniquecer blog\ecomshop-content\dataconnect`
 {"metadata":{"emulator":{"name":"dataconnect"},"message":"E1005 14:35:47.301120   28824 watch.go:40] Failed to load config from \"c:\\\\imf\\\\eniquecer blog\\\\ecomshop-content\\\\dataconnect\": could not find dataconnect.yaml in `c:\\imf\\eniquecer blog\\ecomshop-content\\dataconnect`\n"}}
[debug] [2026-10-05T12:35:57.301Z] E1005 14:35:57.301448   28824 watch.go:40] Failed to load config from "c:\\imf\\eniquecer blog\\ecomshop-content\\dataconnect": could not find dataconnect.yaml in `c:\imf\eniquecer blog\ecomshop-content\dataconnect`
 {"metadata":{"emulator":{"name":"dataconnect"},"message":"E1005 14:35:57.301448   28824 watch.go:40] Failed to load config from \"c:\\\\imf\\\\eniquecer blog\\\\ecomshop-content\\\\dataconnect\": could not find dataconnect.yaml in `c:\\imf\\eniquecer blog\\ecomshop-content\\dataconnect`\n"}}
[debug] [2026-10-05T12:36:07.301Z] E1005 14:36:07.301487   28824 watch.go:40] Failed to load config from "c:\\imf\\eniquecer blog\\ecomshop-content\\dataconnect": could not find dataconnect.yaml in `c:\imf\eniquecer blog\ecomshop-content\dataconnect`
 {"metadata":{"emulator":{"name":"dataconnect"},"message":"E1005 14:36:07.301487   28824 watch.go:40] Failed to load config from \"c:\\\\imf\\\\eniquecer blog\\\\ecomshop-content\\\\dataconnect\": could not find dataconnect.yaml in `c:\\imf\\eniquecer blog\\ecomshop-content\\dataconnect`\n"}}
[debug] [2026-10-05T12:36:17.302Z] E1005 14:36:17.302402   28824 watch.go:116] watchAllDir unable to walk dir `c:\imf\eniquecer blog\ecomshop-content\dataconnect`: GetFileAttributesEx c:\imf\eniquecer blog\ecomshop-content\dataconnect: The system cannot find the file specified.
 {"metadata":{"emulator":{"name":"dataconnect"},"message":"E1005 14:36:17.302402   28824 watch.go:116] watchAllDir unable to walk dir `c:\\imf\\eniquecer blog\\ecomshop-content\\dataconnect`: GetFileAttributesEx c:\\imf\\eniquecer blog\\ecomshop-content\\dataconnect: The system cannot find the file specified.\n"}}
[debug] [2026-10-05T12:36:17.304Z] E1005 14:36:17.302911   28824 watch.go:40] Failed to load config from "c:\\imf\\eniquecer blog\\ecomshop-content\\dataconnect": could not find dataconnect.yaml in `c:\imf\eniquecer blog\ecomshop-content\dataconnect`
 {"metadata":{"emulator":{"name":"dataconnect"},"message":"E1005 14:36:17.302911   28824 watch.go:40] Failed to load config from \"c:\\\\imf\\\\eniquecer blog\\\\ecomshop-content\\\\dataconnect\": could not find dataconnect.yaml in `c:\\imf\\eniquecer blog\\ecomshop-content\\dataconnect`\n"}}
[debug] [2026-10-05T12:36:27.302Z] E1005 14:36:27.302977   28824 watch.go:40] Failed to load config from "c:\\imf\\eniquecer blog\\ecomshop-content\\dataconnect": could not find dataconnect.yaml in `c:\imf\eniquecer blog\ecomshop-content\dataconnect`
 {"metadata":{"emulator":{"name":"dataconnect"},"message":"E1005 14:36:27.302977   28824 watch.go:40] Failed to load config from \"c:\\\\imf\\\\eniquecer blog\\\\ecomshop-content\\\\dataconnect\": could not find dataconnect.yaml in `c:\\imf\\eniquecer blog\\ecomshop-content\\dataconnect`\n"}}
[debug] [2026-10-05T12:36:37.304Z] E1005 14:36:37.303471   28824 watch.go:40] Failed to load config from "c:\\imf\\eniquecer blog\\ecomshop-content\\dataconnect": could not find dataconnect.yaml in `c:\imf\eniquecer blog\ecomshop-content\dataconnect`
 {"metadata":{"emulator":{"name":"dataconnect"},"message":"E1005 14:36:37.303471   28824 watch.go:40] Failed to load config from \"c:\\\\imf\\\\eniquecer blog\\\\ecomshop-content\\\\dataconnect\": could not find dataconnect.yaml in `c:\\imf\\eniquecer blog\\ecomshop-content\\dataconnect`\n"}}
[debug] [2026-10-05T12:36:47.303Z] E1005 14:36:47.302445   28824 watch.go:40] Failed to load config from "c:\\imf\\eniquecer blog\\ecomshop-content\\dataconnect": could not find dataconnect.yaml in `c:\imf\eniquecer blog\ecomshop-content\dataconnect`
 {"metadata":{"emulator":{"name":"dataconnect"},"message":"E1005 14:36:47.302445   28824 watch.go:40] Failed to load config from \"c:\\\\imf\\\\eniquecer blog\\\\ecomshop-content\\\\dataconnect\": could not find dataconnect.yaml in `c:\\imf\\eniquecer blog\\ecomshop-content\\dataconnect`\n"}}
[debug] [2026-10-05T12:36:57.301Z] E1005 14:36:57.301501   28824 watch.go:40] Failed to load config from "c:\\imf\\eniquecer blog\\ecomshop-content\\dataconnect": could not find dataconnect.yaml in `c:\imf\eniquecer blog\ecomshop-content\dataconnect`
 {"metadata":{"emulator":{"name":"dataconnect"},"message":"E1005 14:36:57.301501   28824 watch.go:40] Failed to load config from \"c:\\\\imf\\\\eniquecer blog\\\\ecomshop-content\\\\dataconnect\": could not find dataconnect.yaml in `c:\\imf\\eniquecer blog\\ecomshop-content\\dataconnect`\n"}}
[debug] [2026-10-05T12:37:07.301Z] E1005 14:37:07.301743   28824 watch.go:40] Failed to load config from "c:\\imf\\eniquecer blog\\ecomshop-content\\dataconnect": could not find dataconnect.yaml in `c:\imf\eniquecer blog\ecomshop-content\dataconnect`
 {"metadata":{"emulator":{"name":"dataconnect"},"message":"E1005 14:37:07.301743   28824 watch.go:40] Failed to load config from \"c:\\\\imf\\\\eniquecer blog\\\\ecomshop-content\\\\dataconnect\": could not find dataconnect.yaml in `c:\\imf\\eniquecer blog\\ecomshop-content\\dataconnect`\n"}}
[debug] [2026-10-05T12:37:17.301Z] E1005 14:37:17.301247   28824 watch.go:116] watchAllDir unable to walk dir `c:\imf\eniquecer blog\ecomshop-content\dataconnect`: GetFileAttributesEx c:\imf\eniquecer blog\ecomshop-content\dataconnect: The system cannot find the file specified.
E1005 14:37:17.301247   28824 watch.go:40] Failed to load config from "c:\\imf\\eniquecer blog\\ecomshop-content\\dataconnect": could not find dataconnect.yaml in `c:\imf\eniquecer blog\ecomshop-content\dataconnect`
 {"metadata":{"emulator":{"name":"dataconnect"},"message":"E1005 14:37:17.301247   28824 watch.go:116] watchAllDir unable to walk dir `c:\\imf\\eniquecer blog\\ecomshop-content\\dataconnect`: GetFileAttributesEx c:\\imf\\eniquecer blog\\ecomshop-content\\dataconnect: The system cannot find the file specified.\nE1005 14:37:17.301247   28824 watch.go:40] Failed to load config from \"c:\\\\imf\\\\eniquecer blog\\\\ecomshop-content\\\\dataconnect\": could not find dataconnect.yaml in `c:\\imf\\eniquecer blog\\ecomshop-content\\dataconnect`\n"}}
[debug] [2026-10-05T12:37:27.301Z] E1005 14:37:27.301630   28824 watch.go:40] Failed to load config from "c:\\imf\\eniquecer blog\\ecomshop-content\\dataconnect": could not find dataconnect.yaml in `c:\imf\eniquecer blog\ecomshop-content\dataconnect`
 {"metadata":{"emulator":{"name":"dataconnect"},"message":"E1005 14:37:27.301630   28824 watch.go:40] Failed to load config from \"c:\\\\imf\\\\eniquecer blog\\\\ecomshop-content\\\\dataconnect\": could not find dataconnect.yaml in `c:\\imf\\eniquecer blog\\ecomshop-content\\dataconnect`\n"}}
[debug] [2026-10-05T12:37:37.304Z] E1005 14:37:37.304717   28824 watch.go:40] Failed to load config from "c:\\imf\\eniquecer blog\\ecomshop-content\\dataconnect": could not find dataconnect.yaml in `c:\imf\eniquecer blog\ecomshop-content\dataconnect`
 {"metadata":{"emulator":{"name":"dataconnect"},"message":"E1005 14:37:37.304717   28824 watch.go:40] Failed to load config from \"c:\\\\imf\\\\eniquecer blog\\\\ecomshop-content\\\\dataconnect\": could not find dataconnect.yaml in `c:\\imf\\eniquecer blog\\ecomshop-content\\dataconnect`\n"}}
[debug] [2026-10-05T12:37:47.302Z] E1005 14:37:47.301843   28824 watch.go:40] Failed to load config from "c:\\imf\\eniquecer blog\\ecomshop-content\\dataconnect": could not find dataconnect.yaml in `c:\imf\eniquecer blog\ecomshop-content\dataconnect`
 {"metadata":{"emulator":{"name":"dataconnect"},"message":"E1005 14:37:47.301843   28824 watch.go:40] Failed to load config from \"c:\\\\imf\\\\eniquecer blog\\\\ecomshop-content\\\\dataconnect\": could not find dataconnect.yaml in `c:\\imf\\eniquecer blog\\ecomshop-content\\dataconnect`\n"}}
[debug] [2026-10-05T12:37:57.301Z] E1005 14:37:57.301020   28824 watch.go:40] Failed to load config from "c:\\imf\\eniquecer blog\\ecomshop-content\\dataconnect": could not find dataconnect.yaml in `c:\imf\eniquecer blog\ecomshop-content\dataconnect`
 {"metadata":{"emulator":{"name":"dataconnect"},"message":"E1005 14:37:57.301020   28824 watch.go:40] Failed to load config from \"c:\\\\imf\\\\eniquecer blog\\\\ecomshop-content\\\\dataconnect\": could not find dataconnect.yaml in `c:\\imf\\eniquecer blog\\ecomshop-content\\dataconnect`\n"}}
[debug] [2026-10-05T12:38:07.302Z] E1005 14:38:07.301744   28824 watch.go:40] Failed to load config from "c:\\imf\\eniquecer blog\\ecomshop-content\\dataconnect": could not find dataconnect.yaml in `c:\imf\eniquecer blog\ecomshop-content\dataconnect`
 {"metadata":{"emulator":{"name":"dataconnect"},"message":"E1005 14:38:07.301744   28824 watch.go:40] Failed to load config from \"c:\\\\imf\\\\eniquecer blog\\\\ecomshop-content\\\\dataconnect\": could not find dataconnect.yaml in `c:\\imf\\eniquecer blog\\ecomshop-content\\dataconnect`\n"}}
[debug] [2026-10-05T12:38:17.301Z] E1005 14:38:17.301085   28824 watch.go:116] watchAllDir unable to walk dir `c:\imf\eniquecer blog\ecomshop-content\dataconnect`: GetFileAttributesEx c:\imf\eniquecer blog\ecomshop-content\dataconnect: The system cannot find the file specified.
 {"metadata":{"emulator":{"name":"dataconnect"},"message":"E1005 14:38:17.301085   28824 watch.go:116] watchAllDir unable to walk dir `c:\\imf\\eniquecer blog\\ecomshop-content\\dataconnect`: GetFileAttributesEx c:\\imf\\eniquecer blog\\ecomshop-content\\dataconnect: The system cannot find the file specified.\n"}}
[debug] [2026-10-05T12:38:17.302Z] E1005 14:38:17.301595   28824 watch.go:40] Failed to load config from "c:\\imf\\eniquecer blog\\ecomshop-content\\dataconnect": could not find dataconnect.yaml in `c:\imf\eniquecer blog\ecomshop-content\dataconnect`
 {"metadata":{"emulator":{"name":"dataconnect"},"message":"E1005 14:38:17.301595   28824 watch.go:40] Failed to load config from \"c:\\\\imf\\\\eniquecer blog\\\\ecomshop-content\\\\dataconnect\": could not find dataconnect.yaml in `c:\\imf\\eniquecer blog\\ecomshop-content\\dataconnect`\n"}}
[debug] [2026-10-05T12:38:27.302Z] E1005 14:38:27.301540   28824 watch.go:40] Failed to load config from "c:\\imf\\eniquecer blog\\ecomshop-content\\dataconnect": could not find dataconnect.yaml in `c:\imf\eniquecer blog\ecomshop-content\dataconnect`
 {"metadata":{"emulator":{"name":"dataconnect"},"message":"E1005 14:38:27.301540   28824 watch.go:40] Failed to load config from \"c:\\\\imf\\\\eniquecer blog\\\\ecomshop-content\\\\dataconnect\": could not find dataconnect.yaml in `c:\\imf\\eniquecer blog\\ecomshop-content\\dataconnect`\n"}}
[debug] [2026-10-05T12:38:37.302Z] E1005 14:38:37.301543   28824 watch.go:40] Failed to load config from "c:\\imf\\eniquecer blog\\ecomshop-content\\dataconnect": could not find dataconnect.yaml in `c:\imf\eniquecer blog\ecomshop-content\dataconnect`
 {"metadata":{"emulator":{"name":"dataconnect"},"message":"E1005 14:38:37.301543   28824 watch.go:40] Failed to load config from \"c:\\\\imf\\\\eniquecer blog\\\\ecomshop-content\\\\dataconnect\": could not find dataconnect.yaml in `c:\\imf\\eniquecer blog\\ecomshop-content\\dataconnect`\n"}}
[debug] [2026-10-05T12:38:47.301Z] E1005 14:38:47.302169   28824 watch.go:40] Failed to load config from "c:\\imf\\eniquecer blog\\ecomshop-content\\dataconnect": could not find dataconnect.yaml in `c:\imf\eniquecer blog\ecomshop-content\dataconnect`
 {"metadata":{"emulator":{"name":"dataconnect"},"message":"E1005 14:38:47.302169   28824 watch.go:40] Failed to load config from \"c:\\\\imf\\\\eniquecer blog\\\\ecomshop-content\\\\dataconnect\": could not find dataconnect.yaml in `c:\\imf\\eniquecer blog\\ecomshop-content\\dataconnect`\n"}}
[debug] [2026-10-05T12:38:57.301Z] E1005 14:38:57.301702   28824 watch.go:40] Failed to load config from "c:\\imf\\eniquecer blog\\ecomshop-content\\dataconnect": could not find dataconnect.yaml in `c:\imf\eniquecer blog\ecomshop-content\dataconnect`
 {"metadata":{"emulator":{"name":"dataconnect"},"message":"E1005 14:38:57.301702   28824 watch.go:40] Failed to load config from \"c:\\\\imf\\\\eniquecer blog\\\\ecomshop-content\\\\dataconnect\": could not find dataconnect.yaml in `c:\\imf\\eniquecer blog\\ecomshop-content\\dataconnect`\n"}}
[debug] [2026-10-05T12:39:07.301Z] E1005 14:39:07.301429   28824 watch.go:40] Failed to load config from "c:\\imf\\eniquecer blog\\ecomshop-content\\dataconnect": could not find dataconnect.yaml in `c:\imf\eniquecer blog\ecomshop-content\dataconnect`
 {"metadata":{"emulator":{"name":"dataconnect"},"message":"E1005 14:39:07.301429   28824 watch.go:40] Failed to load config from \"c:\\\\imf\\\\eniquecer blog\\\\ecomshop-content\\\\dataconnect\": could not find dataconnect.yaml in `c:\\imf\\eniquecer blog\\ecomshop-content\\dataconnect`\n"}}
[debug] [2026-10-05T12:39:17.300Z] E1005 14:39:17.301437   28824 watch.go:116] watchAllDir unable to walk dir `c:\imf\eniquecer blog\ecomshop-content\dataconnect`: GetFileAttributesEx c:\imf\eniquecer blog\ecomshop-content\dataconnect: The system cannot find the file specified.
 {"metadata":{"emulator":{"name":"dataconnect"},"message":"E1005 14:39:17.301437   28824 watch.go:116] watchAllDir unable to walk dir `c:\\imf\\eniquecer blog\\ecomshop-content\\dataconnect`: GetFileAttributesEx c:\\imf\\eniquecer blog\\ecomshop-content\\dataconnect: The system cannot find the file specified.\n"}}
[debug] [2026-10-05T12:39:17.301Z] E1005 14:39:17.301437   28824 watch.go:40] Failed to load config from "c:\\imf\\eniquecer blog\\ecomshop-content\\dataconnect": could not find dataconnect.yaml in `c:\imf\eniquecer blog\ecomshop-content\dataconnect`
 {"metadata":{"emulator":{"name":"dataconnect"},"message":"E1005 14:39:17.301437   28824 watch.go:40] Failed to load config from \"c:\\\\imf\\\\eniquecer blog\\\\ecomshop-content\\\\dataconnect\": could not find dataconnect.yaml in `c:\\imf\\eniquecer blog\\ecomshop-content\\dataconnect`\n"}}
[debug] [2026-10-05T12:39:27.302Z] E1005 14:39:27.302317   28824 watch.go:40] Failed to load config from "c:\\imf\\eniquecer blog\\ecomshop-content\\dataconnect": could not find dataconnect.yaml in `c:\imf\eniquecer blog\ecomshop-content\dataconnect`
 {"metadata":{"emulator":{"name":"dataconnect"},"message":"E1005 14:39:27.302317   28824 watch.go:40] Failed to load config from \"c:\\\\imf\\\\eniquecer blog\\\\ecomshop-content\\\\dataconnect\": could not find dataconnect.yaml in `c:\\imf\\eniquecer blog\\ecomshop-content\\dataconnect`\n"}}
[debug] [2026-10-05T12:39:37.301Z] E1005 14:39:37.301201   28824 watch.go:40] Failed to load config from "c:\\imf\\eniquecer blog\\ecomshop-content\\dataconnect": could not find dataconnect.yaml in `c:\imf\eniquecer blog\ecomshop-content\dataconnect`
 {"metadata":{"emulator":{"name":"dataconnect"},"message":"E1005 14:39:37.301201   28824 watch.go:40] Failed to load config from \"c:\\\\imf\\\\eniquecer blog\\\\ecomshop-content\\\\dataconnect\": could not find dataconnect.yaml in `c:\\imf\\eniquecer blog\\ecomshop-content\\dataconnect`\n"}}
[debug] [2026-10-05T12:39:47.301Z] E1005 14:39:47.301479   28824 watch.go:40] Failed to load config from "c:\\imf\\eniquecer blog\\ecomshop-content\\dataconnect": could not find dataconnect.yaml in `c:\imf\eniquecer blog\ecomshop-content\dataconnect`
 {"metadata":{"emulator":{"name":"dataconnect"},"message":"E1005 14:39:47.301479   28824 watch.go:40] Failed to load config from \"c:\\\\imf\\\\eniquecer blog\\\\ecomshop-content\\\\dataconnect\": could not find dataconnect.yaml in `c:\\imf\\eniquecer blog\\ecomshop-content\\dataconnect`\n"}}
[debug] [2026-10-05T12:39:57.303Z] E1005 14:39:57.302133   28824 watch.go:40] Failed to load config from "c:\\imf\\eniquecer blog\\ecomshop-content\\dataconnect": could not find dataconnect.yaml in `c:\imf\eniquecer blog\ecomshop-content\dataconnect`
 {"metadata":{"emulator":{"name":"dataconnect"},"message":"E1005 14:39:57.302133   28824 watch.go:40] Failed to load config from \"c:\\\\imf\\\\eniquecer blog\\\\ecomshop-content\\\\dataconnect\": could not find dataconnect.yaml in `c:\\imf\\eniquecer blog\\ecomshop-content\\dataconnect`\n"}}
[debug] [2026-10-05T12:40:07.301Z] E1005 14:40:07.301554   28824 watch.go:40] Failed to load config from "c:\\imf\\eniquecer blog\\ecomshop-content\\dataconnect": could not find dataconnect.yaml in `c:\imf\eniquecer blog\ecomshop-content\dataconnect`
 {"metadata":{"emulator":{"name":"dataconnect"},"message":"E1005 14:40:07.301554   28824 watch.go:40] Failed to load config from \"c:\\\\imf\\\\eniquecer blog\\\\ecomshop-content\\\\dataconnect\": could not find dataconnect.yaml in `c:\\imf\\eniquecer blog\\ecomshop-content\\dataconnect`\n"}}
[debug] [2026-10-05T12:40:17.301Z] E1005 14:40:17.301489   28824 watch.go:116] watchAllDir unable to walk dir `c:\imf\eniquecer blog\ecomshop-content\dataconnect`: GetFileAttributesEx c:\imf\eniquecer blog\ecomshop-content\dataconnect: The system cannot find the file specified.
 {"metadata":{"emulator":{"name":"dataconnect"},"message":"E1005 14:40:17.301489   28824 watch.go:116] watchAllDir unable to walk dir `c:\\imf\\eniquecer blog\\ecomshop-content\\dataconnect`: GetFileAttributesEx c:\\imf\\eniquecer blog\\ecomshop-content\\dataconnect: The system cannot find the file specified.\n"}}
[debug] [2026-10-05T12:40:17.302Z] E1005 14:40:17.302748   28824 watch.go:40] Failed to load config from "c:\\imf\\eniquecer blog\\ecomshop-content\\dataconnect": could not find dataconnect.yaml in `c:\imf\eniquecer blog\ecomshop-content\dataconnect`
 {"metadata":{"emulator":{"name":"dataconnect"},"message":"E1005 14:40:17.302748   28824 watch.go:40] Failed to load config from \"c:\\\\imf\\\\eniquecer blog\\\\ecomshop-content\\\\dataconnect\": could not find dataconnect.yaml in `c:\\imf\\eniquecer blog\\ecomshop-content\\dataconnect`\n"}}
[debug] [2026-10-05T12:40:27.301Z] E1005 14:40:27.302035   28824 watch.go:40] Failed to load config from "c:\\imf\\eniquecer blog\\ecomshop-content\\dataconnect": could not find dataconnect.yaml in `c:\imf\eniquecer blog\ecomshop-content\dataconnect`
 {"metadata":{"emulator":{"name":"dataconnect"},"message":"E1005 14:40:27.302035   28824 watch.go:40] Failed to load config from \"c:\\\\imf\\\\eniquecer blog\\\\ecomshop-content\\\\dataconnect\": could not find dataconnect.yaml in `c:\\imf\\eniquecer blog\\ecomshop-content\\dataconnect`\n"}}
[debug] [2026-10-05T12:40:37.301Z] E1005 14:40:37.301229   28824 watch.go:40] Failed to load config from "c:\\imf\\eniquecer blog\\ecomshop-content\\dataconnect": could not find dataconnect.yaml in `c:\imf\eniquecer blog\ecomshop-content\dataconnect`
 {"metadata":{"emulator":{"name":"dataconnect"},"message":"E1005 14:40:37.301229   28824 watch.go:40] Failed to load config from \"c:\\\\imf\\\\eniquecer blog\\\\ecomshop-content\\\\dataconnect\": could not find dataconnect.yaml in `c:\\imf\\eniquecer blog\\ecomshop-content\\dataconnect`\n"}}
[debug] [2026-10-05T12:40:47.301Z] E1005 14:40:47.301580   28824 watch.go:40] Failed to load config from "c:\\imf\\eniquecer blog\\ecomshop-content\\dataconnect": could not find dataconnect.yaml in `c:\imf\eniquecer blog\ecomshop-content\dataconnect`
 {"metadata":{"emulator":{"name":"dataconnect"},"message":"E1005 14:40:47.301580   28824 watch.go:40] Failed to load config from \"c:\\\\imf\\\\eniquecer blog\\\\ecomshop-content\\\\dataconnect\": could not find dataconnect.yaml in `c:\\imf\\eniquecer blog\\ecomshop-content\\dataconnect`\n"}}
[debug] [2026-10-05T12:40:57.303Z] E1005 14:40:57.303571   28824 watch.go:40] Failed to load config from "c:\\imf\\eniquecer blog\\ecomshop-content\\dataconnect": could not find dataconnect.yaml in `c:\imf\eniquecer blog\ecomshop-content\dataconnect`
 {"metadata":{"emulator":{"name":"dataconnect"},"message":"E1005 14:40:57.303571   28824 watch.go:40] Failed to load config from \"c:\\\\imf\\\\eniquecer blog\\\\ecomshop-content\\\\dataconnect\": could not find dataconnect.yaml in `c:\\imf\\eniquecer blog\\ecomshop-content\\dataconnect`\n"}}
[debug] [2026-10-05T12:41:07.301Z] E1005 14:41:07.301067   28824 watch.go:40] Failed to load config from "c:\\imf\\eniquecer blog\\ecomshop-content\\dataconnect": could not find dataconnect.yaml in `c:\imf\eniquecer blog\ecomshop-content\dataconnect`
 {"metadata":{"emulator":{"name":"dataconnect"},"message":"E1005 14:41:07.301067   28824 watch.go:40] Failed to load config from \"c:\\\\imf\\\\eniquecer blog\\\\ecomshop-content\\\\dataconnect\": could not find dataconnect.yaml in `c:\\imf\\eniquecer blog\\ecomshop-content\\dataconnect`\n"}}
[debug] [2026-10-05T12:41:17.301Z] E1005 14:41:17.301257   28824 watch.go:116] watchAllDir unable to walk dir `c:\imf\eniquecer blog\ecomshop-content\dataconnect`: GetFileAttributesEx c:\imf\eniquecer blog\ecomshop-content\dataconnect: The system cannot find the file specified.
 {"metadata":{"emulator":{"name":"dataconnect"},"message":"E1005 14:41:17.301257   28824 watch.go:116] watchAllDir unable to walk dir `c:\\imf\\eniquecer blog\\ecomshop-content\\dataconnect`: GetFileAttributesEx c:\\imf\\eniquecer blog\\ecomshop-content\\dataconnect: The system cannot find the file specified.\n"}}
[debug] [2026-10-05T12:41:17.301Z] E1005 14:41:17.301257   28824 watch.go:40] Failed to load config from "c:\\imf\\eniquecer blog\\ecomshop-content\\dataconnect": could not find dataconnect.yaml in `c:\imf\eniquecer blog\ecomshop-content\dataconnect`
 {"metadata":{"emulator":{"name":"dataconnect"},"message":"E1005 14:41:17.301257   28824 watch.go:40] Failed to load config from \"c:\\\\imf\\\\eniquecer blog\\\\ecomshop-content\\\\dataconnect\": could not find dataconnect.yaml in `c:\\imf\\eniquecer blog\\ecomshop-content\\dataconnect`\n"}}
[debug] [2026-10-05T12:41:27.301Z] E1005 14:41:27.302033   28824 watch.go:40] Failed to load config from "c:\\imf\\eniquecer blog\\ecomshop-content\\dataconnect": could not find dataconnect.yaml in `c:\imf\eniquecer blog\ecomshop-content\dataconnect`
 {"metadata":{"emulator":{"name":"dataconnect"},"message":"E1005 14:41:27.302033   28824 watch.go:40] Failed to load config from \"c:\\\\imf\\\\eniquecer blog\\\\ecomshop-content\\\\dataconnect\": could not find dataconnect.yaml in `c:\\imf\\eniquecer blog\\ecomshop-content\\dataconnect`\n"}}
[debug] [2026-10-05T12:41:37.301Z] E1005 14:41:37.301565   28824 watch.go:40] Failed to load config from "c:\\imf\\eniquecer blog\\ecomshop-content\\dataconnect": could not find dataconnect.yaml in `c:\imf\eniquecer blog\ecomshop-content\dataconnect`
 {"metadata":{"emulator":{"name":"dataconnect"},"message":"E1005 14:41:37.301565   28824 watch.go:40] Failed to load config from \"c:\\\\imf\\\\eniquecer blog\\\\ecomshop-content\\\\dataconnect\": could not find dataconnect.yaml in `c:\\imf\\eniquecer blog\\ecomshop-content\\dataconnect`\n"}}
[debug] [2026-10-05T12:41:47.302Z] E1005 14:41:47.302323   28824 watch.go:40] Failed to load config from "c:\\imf\\eniquecer blog\\ecomshop-content\\dataconnect": could not find dataconnect.yaml in `c:\imf\eniquecer blog\ecomshop-content\dataconnect`
 {"metadata":{"emulator":{"name":"dataconnect"},"message":"E1005 14:41:47.302323   28824 watch.go:40] Failed to load config from \"c:\\\\imf\\\\eniquecer blog\\\\ecomshop-content\\\\dataconnect\": could not find dataconnect.yaml in `c:\\imf\\eniquecer blog\\ecomshop-content\\dataconnect`\n"}}
[debug] [2026-10-05T12:41:57.303Z] E1005 14:41:57.301707   28824 watch.go:40] Failed to load config from "c:\\imf\\eniquecer blog\\ecomshop-content\\dataconnect": could not find dataconnect.yaml in `c:\imf\eniquecer blog\ecomshop-content\dataconnect`
 {"metadata":{"emulator":{"name":"dataconnect"},"message":"E1005 14:41:57.301707   28824 watch.go:40] Failed to load config from \"c:\\\\imf\\\\eniquecer blog\\\\ecomshop-content\\\\dataconnect\": could not find dataconnect.yaml in `c:\\imf\\eniquecer blog\\ecomshop-content\\dataconnect`\n"}}
[debug] [2026-10-05T12:42:07.301Z] E1005 14:42:07.301458   28824 watch.go:40] Failed to load config from "c:\\imf\\eniquecer blog\\ecomshop-content\\dataconnect": could not find dataconnect.yaml in `c:\imf\eniquecer blog\ecomshop-content\dataconnect`
 {"metadata":{"emulator":{"name":"dataconnect"},"message":"E1005 14:42:07.301458   28824 watch.go:40] Failed to load config from \"c:\\\\imf\\\\eniquecer blog\\\\ecomshop-content\\\\dataconnect\": could not find dataconnect.yaml in `c:\\imf\\eniquecer blog\\ecomshop-content\\dataconnect`\n"}}
[debug] [2026-10-05T12:42:17.300Z] E1005 14:42:17.301160   28824 watch.go:116] watchAllDir unable to walk dir `c:\imf\eniquecer blog\ecomshop-content\dataconnect`: GetFileAttributesEx c:\imf\eniquecer blog\ecomshop-content\dataconnect: The system cannot find the file specified.
 {"metadata":{"emulator":{"name":"dataconnect"},"message":"E1005 14:42:17.301160   28824 watch.go:116] watchAllDir unable to walk dir `c:\\imf\\eniquecer blog\\ecomshop-content\\dataconnect`: GetFileAttributesEx c:\\imf\\eniquecer blog\\ecomshop-content\\dataconnect: The system cannot find the file specified.\n"}}
[debug] [2026-10-05T12:42:17.301Z] E1005 14:42:17.301160   28824 watch.go:40] Failed to load config from "c:\\imf\\eniquecer blog\\ecomshop-content\\dataconnect": could not find dataconnect.yaml in `c:\imf\eniquecer blog\ecomshop-content\dataconnect`
 {"metadata":{"emulator":{"name":"dataconnect"},"message":"E1005 14:42:17.301160   28824 watch.go:40] Failed to load config from \"c:\\\\imf\\\\eniquecer blog\\\\ecomshop-content\\\\dataconnect\": could not find dataconnect.yaml in `c:\\imf\\eniquecer blog\\ecomshop-content\\dataconnect`\n"}}
[debug] [2026-10-05T12:42:27.301Z] E1005 14:42:27.301695   28824 watch.go:40] Failed to load config from "c:\\imf\\eniquecer blog\\ecomshop-content\\dataconnect": could not find dataconnect.yaml in `c:\imf\eniquecer blog\ecomshop-content\dataconnect`
 {"metadata":{"emulator":{"name":"dataconnect"},"message":"E1005 14:42:27.301695   28824 watch.go:40] Failed to load config from \"c:\\\\imf\\\\eniquecer blog\\\\ecomshop-content\\\\dataconnect\": could not find dataconnect.yaml in `c:\\imf\\eniquecer blog\\ecomshop-content\\dataconnect`\n"}}
[debug] [2026-10-05T12:42:37.302Z] E1005 14:42:37.302009   28824 watch.go:40] Failed to load config from "c:\\imf\\eniquecer blog\\ecomshop-content\\dataconnect": could not find dataconnect.yaml in `c:\imf\eniquecer blog\ecomshop-content\dataconnect`
 {"metadata":{"emulator":{"name":"dataconnect"},"message":"E1005 14:42:37.302009   28824 watch.go:40] Failed to load config from \"c:\\\\imf\\\\eniquecer blog\\\\ecomshop-content\\\\dataconnect\": could not find dataconnect.yaml in `c:\\imf\\eniquecer blog\\ecomshop-content\\dataconnect`\n"}}
[debug] [2026-10-05T12:42:47.302Z] E1005 14:42:47.303027   28824 watch.go:40] Failed to load config from "c:\\imf\\eniquecer blog\\ecomshop-content\\dataconnect": could not find dataconnect.yaml in `c:\imf\eniquecer blog\ecomshop-content\dataconnect`
 {"metadata":{"emulator":{"name":"dataconnect"},"message":"E1005 14:42:47.303027   28824 watch.go:40] Failed to load config from \"c:\\\\imf\\\\eniquecer blog\\\\ecomshop-content\\\\dataconnect\": could not find dataconnect.yaml in `c:\\imf\\eniquecer blog\\ecomshop-content\\dataconnect`\n"}}
[debug] [2026-10-05T12:42:57.303Z] E1005 14:42:57.304048   28824 watch.go:40] Failed to load config from "c:\\imf\\eniquecer blog\\ecomshop-content\\dataconnect": could not find dataconnect.yaml in `c:\imf\eniquecer blog\ecomshop-content\dataconnect`
 {"metadata":{"emulator":{"name":"dataconnect"},"message":"E1005 14:42:57.304048   28824 watch.go:40] Failed to load config from \"c:\\\\imf\\\\eniquecer blog\\\\ecomshop-content\\\\dataconnect\": could not find dataconnect.yaml in `c:\\imf\\eniquecer blog\\ecomshop-content\\dataconnect`\n"}}
[debug] [2026-10-05T12:43:07.301Z] E1005 14:43:07.302181   28824 watch.go:40] Failed to load config from "c:\\imf\\eniquecer blog\\ecomshop-content\\dataconnect": could not find dataconnect.yaml in `c:\imf\eniquecer blog\ecomshop-content\dataconnect`
 {"metadata":{"emulator":{"name":"dataconnect"},"message":"E1005 14:43:07.302181   28824 watch.go:40] Failed to load config from \"c:\\\\imf\\\\eniquecer blog\\\\ecomshop-content\\\\dataconnect\": could not find dataconnect.yaml in `c:\\imf\\eniquecer blog\\ecomshop-content\\dataconnect`\n"}}
[debug] [2026-10-05T12:43:17.300Z] E1005 14:43:17.301380   28824 watch.go:116] watchAllDir unable to walk dir `c:\imf\eniquecer blog\ecomshop-content\dataconnect`: GetFileAttributesEx c:\imf\eniquecer blog\ecomshop-content\dataconnect: The system cannot find the file specified.
 {"metadata":{"emulator":{"name":"dataconnect"},"message":"E1005 14:43:17.301380   28824 watch.go:116] watchAllDir unable to walk dir `c:\\imf\\eniquecer blog\\ecomshop-content\\dataconnect`: GetFileAttributesEx c:\\imf\\eniquecer blog\\ecomshop-content\\dataconnect: The system cannot find the file specified.\n"}}
[debug] [2026-10-05T12:43:17.301Z] E1005 14:43:17.301380   28824 watch.go:40] Failed to load config from "c:\\imf\\eniquecer blog\\ecomshop-content\\dataconnect": could not find dataconnect.yaml in `c:\imf\eniquecer blog\ecomshop-content\dataconnect`
 {"metadata":{"emulator":{"name":"dataconnect"},"message":"E1005 14:43:17.301380   28824 watch.go:40] Failed to load config from \"c:\\\\imf\\\\eniquecer blog\\\\ecomshop-content\\\\dataconnect\": could not find dataconnect.yaml in `c:\\imf\\eniquecer blog\\ecomshop-content\\dataconnect`\n"}}
[debug] [2026-10-05T12:43:27.301Z] E1005 14:43:27.301953   28824 watch.go:40] Failed to load config from "c:\\imf\\eniquecer blog\\ecomshop-content\\dataconnect": could not find dataconnect.yaml in `c:\imf\eniquecer blog\ecomshop-content\dataconnect`
 {"metadata":{"emulator":{"name":"dataconnect"},"message":"E1005 14:43:27.301953   28824 watch.go:40] Failed to load config from \"c:\\\\imf\\\\eniquecer blog\\\\ecomshop-content\\\\dataconnect\": could not find dataconnect.yaml in `c:\\imf\\eniquecer blog\\ecomshop-content\\dataconnect`\n"}}
[debug] [2026-10-05T12:43:37.301Z] E1005 14:43:37.301291   28824 watch.go:40] Failed to load config from "c:\\imf\\eniquecer blog\\ecomshop-content\\dataconnect": could not find dataconnect.yaml in `c:\imf\eniquecer blog\ecomshop-content\dataconnect`
 {"metadata":{"emulator":{"name":"dataconnect"},"message":"E1005 14:43:37.301291   28824 watch.go:40] Failed to load config from \"c:\\\\imf\\\\eniquecer blog\\\\ecomshop-content\\\\dataconnect\": could not find dataconnect.yaml in `c:\\imf\\eniquecer blog\\ecomshop-content\\dataconnect`\n"}}
[debug] [2026-10-05T12:43:47.303Z] E1005 14:43:47.303055   28824 watch.go:40] Failed to load config from "c:\\imf\\eniquecer blog\\ecomshop-content\\dataconnect": could not find dataconnect.yaml in `c:\imf\eniquecer blog\ecomshop-content\dataconnect`
 {"metadata":{"emulator":{"name":"dataconnect"},"message":"E1005 14:43:47.303055   28824 watch.go:40] Failed to load config from \"c:\\\\imf\\\\eniquecer blog\\\\ecomshop-content\\\\dataconnect\": could not find dataconnect.yaml in `c:\\imf\\eniquecer blog\\ecomshop-content\\dataconnect`\n"}}
[debug] [2026-10-05T12:43:57.304Z] E1005 14:43:57.304216   28824 watch.go:40] Failed to load config from "c:\\imf\\eniquecer blog\\ecomshop-content\\dataconnect": could not find dataconnect.yaml in `c:\imf\eniquecer blog\ecomshop-content\dataconnect`
 {"metadata":{"emulator":{"name":"dataconnect"},"message":"E1005 14:43:57.304216   28824 watch.go:40] Failed to load config from \"c:\\\\imf\\\\eniquecer blog\\\\ecomshop-content\\\\dataconnect\": could not find dataconnect.yaml in `c:\\imf\\eniquecer blog\\ecomshop-content\\dataconnect`\n"}}
[debug] [2026-10-05T12:44:07.302Z] E1005 14:44:07.301536   28824 watch.go:40] Failed to load config from "c:\\imf\\eniquecer blog\\ecomshop-content\\dataconnect": could not find dataconnect.yaml in `c:\imf\eniquecer blog\ecomshop-content\dataconnect`
 {"metadata":{"emulator":{"name":"dataconnect"},"message":"E1005 14:44:07.301536   28824 watch.go:40] Failed to load config from \"c:\\\\imf\\\\eniquecer blog\\\\ecomshop-content\\\\dataconnect\": could not find dataconnect.yaml in `c:\\imf\\eniquecer blog\\ecomshop-content\\dataconnect`\n"}}
[debug] [2026-10-05T12:44:17.301Z] E1005 14:44:17.301158   28824 watch.go:116] watchAllDir unable to walk dir `c:\imf\eniquecer blog\ecomshop-content\dataconnect`: GetFileAttributesEx c:\imf\eniquecer blog\ecomshop-content\dataconnect: The system cannot find the file specified.
 {"metadata":{"emulator":{"name":"dataconnect"},"message":"E1005 14:44:17.301158   28824 watch.go:116] watchAllDir unable to walk dir `c:\\imf\\eniquecer blog\\ecomshop-content\\dataconnect`: GetFileAttributesEx c:\\imf\\eniquecer blog\\ecomshop-content\\dataconnect: The system cannot find the file specified.\n"}}
[debug] [2026-10-05T12:44:17.302Z] E1005 14:44:17.301680   28824 watch.go:40] Failed to load config from "c:\\imf\\eniquecer blog\\ecomshop-content\\dataconnect": could not find dataconnect.yaml in `c:\imf\eniquecer blog\ecomshop-content\dataconnect`
 {"metadata":{"emulator":{"name":"dataconnect"},"message":"E1005 14:44:17.301680   28824 watch.go:40] Failed to load config from \"c:\\\\imf\\\\eniquecer blog\\\\ecomshop-content\\\\dataconnect\": could not find dataconnect.yaml in `c:\\imf\\eniquecer blog\\ecomshop-content\\dataconnect`\n"}}
[debug] [2026-10-05T12:44:27.301Z] E1005 14:44:27.301193   28824 watch.go:40] Failed to load config from "c:\\imf\\eniquecer blog\\ecomshop-content\\dataconnect": could not find dataconnect.yaml in `c:\imf\eniquecer blog\ecomshop-content\dataconnect`
 {"metadata":{"emulator":{"name":"dataconnect"},"message":"E1005 14:44:27.301193   28824 watch.go:40] Failed to load config from \"c:\\\\imf\\\\eniquecer blog\\\\ecomshop-content\\\\dataconnect\": could not find dataconnect.yaml in `c:\\imf\\eniquecer blog\\ecomshop-content\\dataconnect`\n"}}
[debug] [2026-10-05T12:44:37.303Z] E1005 14:44:37.302704   28824 watch.go:40] Failed to load config from "c:\\imf\\eniquecer blog\\ecomshop-content\\dataconnect": could not find dataconnect.yaml in `c:\imf\eniquecer blog\ecomshop-content\dataconnect`
 {"metadata":{"emulator":{"name":"dataconnect"},"message":"E1005 14:44:37.302704   28824 watch.go:40] Failed to load config from \"c:\\\\imf\\\\eniquecer blog\\\\ecomshop-content\\\\dataconnect\": could not find dataconnect.yaml in `c:\\imf\\eniquecer blog\\ecomshop-content\\dataconnect`\n"}}
